// Jest Snapshot v1, https://goo.gl/fbAQLP

exports[`App should match snapshot rendered 1`] = `
<div>
  <h1>
    Hello from React Component
  </h1>
</div>
`;
